Archive member included because of file (symbol)

c:/program files (x86)/atmel/atmel studio 6.0/extensions/atmel/avrgcc/3.4.0.65/avrtoolchain/bin/../lib/gcc/avr/4.6.2/../../../../avr/lib/avr5\libm.a(addsf3.o)
                              MCAL/PWM/src/PWM.o (__subsf3)
c:/program files (x86)/atmel/atmel studio 6.0/extensions/atmel/avrgcc/3.4.0.65/avrtoolchain/bin/../lib/gcc/avr/4.6.2/../../../../avr/lib/avr5\libm.a(addsf3x.o)
                              c:/program files (x86)/atmel/atmel studio 6.0/extensions/atmel/avrgcc/3.4.0.65/avrtoolchain/bin/../lib/gcc/avr/4.6.2/../../../../avr/lib/avr5\libm.a(addsf3.o) (__addsf3x)
c:/program files (x86)/atmel/atmel studio 6.0/extensions/atmel/avrgcc/3.4.0.65/avrtoolchain/bin/../lib/gcc/avr/4.6.2/../../../../avr/lib/avr5\libm.a(cmpsf2.o)
                              MCAL/TIMER/src/TIMER.o (__nesf2)
c:/program files (x86)/atmel/atmel studio 6.0/extensions/atmel/avrgcc/3.4.0.65/avrtoolchain/bin/../lib/gcc/avr/4.6.2/../../../../avr/lib/avr5\libm.a(divsf3.o)
                              HAL/USONIC/src/USONIC.o (__divsf3)
c:/program files (x86)/atmel/atmel studio 6.0/extensions/atmel/avrgcc/3.4.0.65/avrtoolchain/bin/../lib/gcc/avr/4.6.2/../../../../avr/lib/avr5\libm.a(divsf3x.o)
                              c:/program files (x86)/atmel/atmel studio 6.0/extensions/atmel/avrgcc/3.4.0.65/avrtoolchain/bin/../lib/gcc/avr/4.6.2/../../../../avr/lib/avr5\libm.a(divsf3.o) (__divsf3x)
c:/program files (x86)/atmel/atmel studio 6.0/extensions/atmel/avrgcc/3.4.0.65/avrtoolchain/bin/../lib/gcc/avr/4.6.2/../../../../avr/lib/avr5\libm.a(fixunssfsi.o)
                              MCAL/PWM/src/PWM.o (__fixunssfsi)
c:/program files (x86)/atmel/atmel studio 6.0/extensions/atmel/avrgcc/3.4.0.65/avrtoolchain/bin/../lib/gcc/avr/4.6.2/../../../../avr/lib/avr5\libm.a(floatsisf.o)
                              HAL/USONIC/src/USONIC.o (__floatunsisf)
c:/program files (x86)/atmel/atmel studio 6.0/extensions/atmel/avrgcc/3.4.0.65/avrtoolchain/bin/../lib/gcc/avr/4.6.2/../../../../avr/lib/avr5\libm.a(floatundisf.o)
                              HAL/USONIC/src/USONIC.o (__floatundisf)
c:/program files (x86)/atmel/atmel studio 6.0/extensions/atmel/avrgcc/3.4.0.65/avrtoolchain/bin/../lib/gcc/avr/4.6.2/../../../../avr/lib/avr5\libm.a(fp_cmp.o)
                              c:/program files (x86)/atmel/atmel studio 6.0/extensions/atmel/avrgcc/3.4.0.65/avrtoolchain/bin/../lib/gcc/avr/4.6.2/../../../../avr/lib/avr5\libm.a(cmpsf2.o) (__fp_cmp)
c:/program files (x86)/atmel/atmel studio 6.0/extensions/atmel/avrgcc/3.4.0.65/avrtoolchain/bin/../lib/gcc/avr/4.6.2/../../../../avr/lib/avr5\libm.a(fp_inf.o)
                              c:/program files (x86)/atmel/atmel studio 6.0/extensions/atmel/avrgcc/3.4.0.65/avrtoolchain/bin/../lib/gcc/avr/4.6.2/../../../../avr/lib/avr5\libm.a(addsf3x.o) (__fp_inf)
c:/program files (x86)/atmel/atmel studio 6.0/extensions/atmel/avrgcc/3.4.0.65/avrtoolchain/bin/../lib/gcc/avr/4.6.2/../../../../avr/lib/avr5\libm.a(fp_nan.o)
                              c:/program files (x86)/atmel/atmel studio 6.0/extensions/atmel/avrgcc/3.4.0.65/avrtoolchain/bin/../lib/gcc/avr/4.6.2/../../../../avr/lib/avr5\libm.a(addsf3x.o) (__fp_nan)
c:/program files (x86)/atmel/atmel studio 6.0/extensions/atmel/avrgcc/3.4.0.65/avrtoolchain/bin/../lib/gcc/avr/4.6.2/../../../../avr/lib/avr5\libm.a(fp_pscA.o)
                              c:/program files (x86)/atmel/atmel studio 6.0/extensions/atmel/avrgcc/3.4.0.65/avrtoolchain/bin/../lib/gcc/avr/4.6.2/../../../../avr/lib/avr5\libm.a(addsf3x.o) (__fp_pscA)
c:/program files (x86)/atmel/atmel studio 6.0/extensions/atmel/avrgcc/3.4.0.65/avrtoolchain/bin/../lib/gcc/avr/4.6.2/../../../../avr/lib/avr5\libm.a(fp_pscB.o)
                              c:/program files (x86)/atmel/atmel studio 6.0/extensions/atmel/avrgcc/3.4.0.65/avrtoolchain/bin/../lib/gcc/avr/4.6.2/../../../../avr/lib/avr5\libm.a(addsf3x.o) (__fp_pscB)
c:/program files (x86)/atmel/atmel studio 6.0/extensions/atmel/avrgcc/3.4.0.65/avrtoolchain/bin/../lib/gcc/avr/4.6.2/../../../../avr/lib/avr5\libm.a(fp_round.o)
                              c:/program files (x86)/atmel/atmel studio 6.0/extensions/atmel/avrgcc/3.4.0.65/avrtoolchain/bin/../lib/gcc/avr/4.6.2/../../../../avr/lib/avr5\libm.a(addsf3.o) (__fp_round)
c:/program files (x86)/atmel/atmel studio 6.0/extensions/atmel/avrgcc/3.4.0.65/avrtoolchain/bin/../lib/gcc/avr/4.6.2/../../../../avr/lib/avr5\libm.a(fp_split3.o)
                              c:/program files (x86)/atmel/atmel studio 6.0/extensions/atmel/avrgcc/3.4.0.65/avrtoolchain/bin/../lib/gcc/avr/4.6.2/../../../../avr/lib/avr5\libm.a(addsf3x.o) (__fp_split3)
c:/program files (x86)/atmel/atmel studio 6.0/extensions/atmel/avrgcc/3.4.0.65/avrtoolchain/bin/../lib/gcc/avr/4.6.2/../../../../avr/lib/avr5\libm.a(fp_zero.o)
                              c:/program files (x86)/atmel/atmel studio 6.0/extensions/atmel/avrgcc/3.4.0.65/avrtoolchain/bin/../lib/gcc/avr/4.6.2/../../../../avr/lib/avr5\libm.a(addsf3x.o) (__fp_zero)
c:/program files (x86)/atmel/atmel studio 6.0/extensions/atmel/avrgcc/3.4.0.65/avrtoolchain/bin/../lib/gcc/avr/4.6.2/../../../../avr/lib/avr5\libm.a(gesf2.o)
                              APP/CRASH/src/CRASH.o (__gtsf2)
c:/program files (x86)/atmel/atmel studio 6.0/extensions/atmel/avrgcc/3.4.0.65/avrtoolchain/bin/../lib/gcc/avr/4.6.2/../../../../avr/lib/avr5\libm.a(mulsf3.o)
                              HAL/USONIC/src/USONIC.o (__mulsf3)
c:/program files (x86)/atmel/atmel studio 6.0/extensions/atmel/avrgcc/3.4.0.65/avrtoolchain/bin/../lib/gcc/avr/4.6.2/../../../../avr/lib/avr5\libm.a(mulsf3x.o)
                              c:/program files (x86)/atmel/atmel studio 6.0/extensions/atmel/avrgcc/3.4.0.65/avrtoolchain/bin/../lib/gcc/avr/4.6.2/../../../../avr/lib/avr5\libm.a(mulsf3.o) (__mulsf3x)
c:/program files (x86)/atmel/atmel studio 6.0/extensions/atmel/avrgcc/3.4.0.65/avrtoolchain/bin/../lib/gcc/avr/4.6.2/avr5\libgcc.a(_mulsi3.o)
                              LIB/UTILS.o (__mulsi3)
c:/program files (x86)/atmel/atmel studio 6.0/extensions/atmel/avrgcc/3.4.0.65/avrtoolchain/bin/../lib/gcc/avr/4.6.2/avr5\libgcc.a(_udivmodsi4.o)
                              LIB/UTILS.o (__udivmodsi4)
c:/program files (x86)/atmel/atmel studio 6.0/extensions/atmel/avrgcc/3.4.0.65/avrtoolchain/bin/../lib/gcc/avr/4.6.2/avr5\libgcc.a(_exit.o)
                              c:/program files (x86)/atmel/atmel studio 6.0/extensions/atmel/avrgcc/3.4.0.65/avrtoolchain/bin/../lib/gcc/avr/4.6.2/../../../../avr/lib/avr5/crtm32.o (exit)
c:/program files (x86)/atmel/atmel studio 6.0/extensions/atmel/avrgcc/3.4.0.65/avrtoolchain/bin/../lib/gcc/avr/4.6.2/avr5\libgcc.a(_copy_data.o)
                              APP/CRASH/src/CRASH.o (__do_copy_data)
c:/program files (x86)/atmel/atmel studio 6.0/extensions/atmel/avrgcc/3.4.0.65/avrtoolchain/bin/../lib/gcc/avr/4.6.2/avr5\libgcc.a(_clear_bss.o)
                              APP/CRASH/src/CRASH.o (__do_clear_bss)

Allocating common symbols
Common symbol       size              file

SensingTaskHandler  0x2               main.o
SteeringTaskHandler
                    0x2               main.o
CrashingTaskHandler
                    0x2               main.o

Memory Configuration

Name             Origin             Length             Attributes
text             0x00000000         0x00020000         xr
data             0x00800060         0x0000ffa0         rw !x
eeprom           0x00810000         0x00010000         rw !x
fuse             0x00820000         0x00000400         rw !x
lock             0x00830000         0x00000400         rw !x
signature        0x00840000         0x00000400         rw !x
*default*        0x00000000         0xffffffff

Linker script and memory map

LOAD c:/program files (x86)/atmel/atmel studio 6.0/extensions/atmel/avrgcc/3.4.0.65/avrtoolchain/bin/../lib/gcc/avr/4.6.2/../../../../avr/lib/avr5/crtm32.o
LOAD APP/CRASH/src/CRASH.o
LOAD APP/CRASH/src/CRASH_Lcfg.o
LOAD APP/SENSING/scr/SENSING.o
LOAD APP/SENSING/scr/SENSING_Interface.o
LOAD APP/STEERING/src/STEERING.o
LOAD APP/STEERING/src/STEERING_Interface.o
LOAD HAL/LCD/src/LCD.o
LOAD HAL/LCD/src/LCD_Lcfg.o
LOAD HAL/MOTOR/src/MOTOR.o
LOAD HAL/MOTOR/src/MOTOR_Lcfg.o
LOAD HAL/USONIC/src/USONIC.o
LOAD HAL/USONIC/src/USONIC_Lcfg.o
LOAD LIB/UTILS.o
LOAD main.o
LOAD MCAL/DIO/src/DIO.o
LOAD MCAL/GLOBAL_Interrupt/src/GLOBAL_Interrupt.o
LOAD MCAL/ICU/src/ICU.o
LOAD MCAL/ICU/src/ICU_Lcfg.o
LOAD MCAL/PWM/src/PWM.o
LOAD MCAL/PWM/src/PWM_Lcfg.o
LOAD MCAL/TIMER/src/TIMER.o
LOAD MCAL/TIMER/src/TIMER_Lcfg.o
LOAD OS/src/OS.o
LOAD OS/src/OS_Interface.o
LOAD OS/src/OS_Lcfg.o
START GROUP
LOAD c:/program files (x86)/atmel/atmel studio 6.0/extensions/atmel/avrgcc/3.4.0.65/avrtoolchain/bin/../lib/gcc/avr/4.6.2/../../../../avr/lib/avr5\libm.a
END GROUP
LOAD c:/program files (x86)/atmel/atmel studio 6.0/extensions/atmel/avrgcc/3.4.0.65/avrtoolchain/bin/../lib/gcc/avr/4.6.2/avr5\libgcc.a
LOAD c:/program files (x86)/atmel/atmel studio 6.0/extensions/atmel/avrgcc/3.4.0.65/avrtoolchain/bin/../lib/gcc/avr/4.6.2/../../../../avr/lib/avr5\libc.a
LOAD c:/program files (x86)/atmel/atmel studio 6.0/extensions/atmel/avrgcc/3.4.0.65/avrtoolchain/bin/../lib/gcc/avr/4.6.2/avr5\libgcc.a

.hash
 *(.hash)

.dynsym
 *(.dynsym)

.dynstr
 *(.dynstr)

.gnu.version
 *(.gnu.version)

.gnu.version_d
 *(.gnu.version_d)

.gnu.version_r
 *(.gnu.version_r)

.rel.init
 *(.rel.init)

.rela.init
 *(.rela.init)

.rel.text
 *(.rel.text)
 *(.rel.text.*)
 *(.rel.gnu.linkonce.t*)

.rela.text
 *(.rela.text)
 *(.rela.text.*)
 *(.rela.gnu.linkonce.t*)

.rel.fini
 *(.rel.fini)

.rela.fini
 *(.rela.fini)

.rel.rodata
 *(.rel.rodata)
 *(.rel.rodata.*)
 *(.rel.gnu.linkonce.r*)

.rela.rodata
 *(.rela.rodata)
 *(.rela.rodata.*)
 *(.rela.gnu.linkonce.r*)

.rel.data
 *(.rel.data)
 *(.rel.data.*)
 *(.rel.gnu.linkonce.d*)

.rela.data
 *(.rela.data)
 *(.rela.data.*)
 *(.rela.gnu.linkonce.d*)

.rel.ctors
 *(.rel.ctors)

.rela.ctors
 *(.rela.ctors)

.rel.dtors
 *(.rel.dtors)

.rela.dtors
 *(.rela.dtors)

.rel.got
 *(.rel.got)

.rela.got
 *(.rela.got)

.rel.bss
 *(.rel.bss)

.rela.bss
 *(.rela.bss)

.rel.plt
 *(.rel.plt)

.rela.plt
 *(.rela.plt)

.text           0x00000000     0x2a80
 *(.vectors)
 .vectors       0x00000000       0x54 c:/program files (x86)/atmel/atmel studio 6.0/extensions/atmel/avrgcc/3.4.0.65/avrtoolchain/bin/../lib/gcc/avr/4.6.2/../../../../avr/lib/avr5/crtm32.o
                0x00000000                __vector_default
                0x00000000                __vectors
 *(.vectors)
 *(.progmem.gcc*)
 *(.progmem*)
                0x00000054                . = ALIGN (0x2)
                0x00000054                __trampolines_start = .
 *(.trampolines)
 .trampolines   0x00000054        0x0 linker stubs
 *(.trampolines*)
                0x00000054                __trampolines_end = .
 *(.jumptables)
 *(.jumptables*)
 *(.lowtext)
 *(.lowtext*)
                0x00000054                __ctors_start = .
 *(.ctors)
                0x00000054                __ctors_end = .
                0x00000054                __dtors_start = .
 *(.dtors)
                0x00000054                __dtors_end = .
 SORT(*)(.ctors)
 SORT(*)(.dtors)
 *(.init0)
 .init0         0x00000054        0x0 c:/program files (x86)/atmel/atmel studio 6.0/extensions/atmel/avrgcc/3.4.0.65/avrtoolchain/bin/../lib/gcc/avr/4.6.2/../../../../avr/lib/avr5/crtm32.o
                0x00000054                __init
 *(.init0)
 *(.init1)
 *(.init1)
 *(.init2)
 .init2         0x00000054        0xc c:/program files (x86)/atmel/atmel studio 6.0/extensions/atmel/avrgcc/3.4.0.65/avrtoolchain/bin/../lib/gcc/avr/4.6.2/../../../../avr/lib/avr5/crtm32.o
 *(.init2)
 *(.init3)
 *(.init3)
 *(.init4)
 .init4         0x00000060       0x16 c:/program files (x86)/atmel/atmel studio 6.0/extensions/atmel/avrgcc/3.4.0.65/avrtoolchain/bin/../lib/gcc/avr/4.6.2/avr5\libgcc.a(_copy_data.o)
                0x00000060                __do_copy_data
 .init4         0x00000076       0x10 c:/program files (x86)/atmel/atmel studio 6.0/extensions/atmel/avrgcc/3.4.0.65/avrtoolchain/bin/../lib/gcc/avr/4.6.2/avr5\libgcc.a(_clear_bss.o)
                0x00000076                __do_clear_bss
 *(.init4)
 *(.init5)
 *(.init5)
 *(.init6)
 *(.init6)
 *(.init7)
 *(.init7)
 *(.init8)
 *(.init8)
 *(.init9)
 .init9         0x00000086        0x8 c:/program files (x86)/atmel/atmel studio 6.0/extensions/atmel/avrgcc/3.4.0.65/avrtoolchain/bin/../lib/gcc/avr/4.6.2/../../../../avr/lib/avr5/crtm32.o
 *(.init9)
 *(.text)
 .text          0x0000008e        0x4 c:/program files (x86)/atmel/atmel studio 6.0/extensions/atmel/avrgcc/3.4.0.65/avrtoolchain/bin/../lib/gcc/avr/4.6.2/../../../../avr/lib/avr5/crtm32.o
                0x0000008e                __vector_1
                0x0000008e                __vector_12
                0x0000008e                __bad_interrupt
                0x0000008e                __vector_3
                0x0000008e                __vector_11
                0x0000008e                __vector_13
                0x0000008e                __vector_17
                0x0000008e                __vector_19
                0x0000008e                __vector_7
                0x0000008e                __vector_5
                0x0000008e                __vector_2
                0x0000008e                __vector_15
                0x0000008e                __vector_8
                0x0000008e                __vector_14
                0x0000008e                __vector_10
                0x0000008e                __vector_16
                0x0000008e                __vector_18
                0x0000008e                __vector_20
 .text          0x00000092       0xea APP/CRASH/src/CRASH.o
                0x00000092                CRASH_MainFunction
 .text          0x0000017c        0x0 APP/CRASH/src/CRASH_Lcfg.o
 .text          0x0000017c       0x52 APP/SENSING/scr/SENSING.o
                0x0000017c                SENSING_MainFunction
 .text          0x000001ce       0x3e APP/SENSING/scr/SENSING_Interface.o
                0x000001ce                SENSING_Get
                0x000001f4                SENSING_Set
 .text          0x0000020c       0xac APP/STEERING/src/STEERING.o
                0x0000020c                STEERING_MainFunction
 .text          0x000002b8       0x4e APP/STEERING/src/STEERING_Interface.o
                0x000002b8                STEERING_Set
                0x000002da                STEERING_Get
 .text          0x00000306      0x706 HAL/LCD/src/LCD.o
                0x00000306                LCD_SendCommand
                0x00000544                LCD_SendData
                0x00000746                LCD_Init
                0x00000996                LCD_SendString
                0x000009d0                LCD_SendNumber
 .text          0x00000a0c        0x0 HAL/LCD/src/LCD_Lcfg.o
 .text          0x00000a0c      0x2a4 HAL/MOTOR/src/MOTOR.o
                0x00000a0c                MOTOR_init
                0x00000a72                MOTOR_start
                0x00000b60                MOTOR_stop
                0x00000bda                MOTOR_Update_dir
 .text          0x00000cb0        0x0 HAL/MOTOR/src/MOTOR_Lcfg.o
 .text          0x00000cb0      0x264 HAL/USONIC/src/USONIC.o
                0x00000dea                USONIC_Init
                0x00000e3e                USONIC_GetDistance
 .text          0x00000f14        0x0 HAL/USONIC/src/USONIC_Lcfg.o
 .text          0x00000f14      0x300 LIB/UTILS.o
                0x00000f14                dummy_delay
                0x00000f78                StringCompare
                0x00000fdc                STR_Length
                0x00001000                STR_CharIsNumeric
                0x00001016                STR_StringIsNumeric
                0x00001078                STR_CompareString
                0x000010d8                STR_String2Number
                0x0000115a                STR_StringReverse
                0x00001196                STR_Number2String
 .text          0x00001214       0x7c main.o
                0x00001214                SteeringTask
                0x0000121a                CrashingTask
                0x00001220                SensingTask
                0x00001226                main
 .text          0x00001290      0x3a2 MCAL/DIO/src/DIO.o
                0x00001290                DIO_SetPinDirection
                0x00001374                DIO_WritePin
                0x00001458                DIO_TogglePin
                0x000014ea                DIO_ReadPin
                0x00001588                DIO_EnablePinPullup
 .text          0x00001632       0x10 MCAL/GLOBAL_Interrupt/src/GLOBAL_Interrupt.o
                0x00001632                GLOBALINTTERUPTS_Enable
                0x0000163a                GLOBALINTTERUPTS_Disable
 .text          0x00001642      0x35e MCAL/ICU/src/ICU.o
                0x00001642                ICU_Init
                0x0000168e                ICU_Reset
                0x000016b6                ICU_UpdateTimeOn
                0x00001842                ICU_GetICR1Registert
                0x00001858                ICU_GetTIFRRegistert
                0x0000186a                ICU_SetTCNT1Registert
                0x00001878                ICU_EnableInterrupt
                0x000018a2                ICU_DisableInterrupt
                0x000018cc                ICU_SetCallback
                0x00001904                __vector_9
                0x00001952                __vector_6
 .text          0x000019a0        0x0 MCAL/ICU/src/ICU_Lcfg.o
 .text          0x000019a0      0x112 MCAL/PWM/src/PWM.o
                0x000019a0                PWM_Init
                0x00001a02                PWM_Start
                0x00001a1a                PWM_Stop
                0x00001a2c                PWM_Connect
                0x00001a48                PWM_Disconnect
                0x00001a5a                PWM_SetDuty
 .text          0x00001ab2        0x0 MCAL/PWM/src/PWM_Lcfg.o
 .text          0x00001ab2      0x660 MCAL/TIMER/src/TIMER.o
                0x00001c32                TIM_Init
                0x00001c94                TIM_Start
                0x00001ce6                TIM_Stop
                0x00001d12                TIM_GetStatus
                0x00001e0e                TIM_DelayUs
                0x00001f1e                TIM_DelayMs
                0x00002054                TIM_DelayStatus
 .text          0x00002112        0x0 MCAL/TIMER/src/TIMER_Lcfg.o
 .text          0x00002112      0x1fa OS/src/OS.o
                0x00002112                OS_Init
                0x00002184                OS_Run
                0x00002214                __vector_4
 .text          0x0000230c      0x246 OS/src/OS_Interface.o
                0x0000230c                OS_CreateTask
                0x000024ea                OS_DeleteTask
                0x00002512                OS_SuspandTask
                0x00002520                OS_UnsuspandTask
                0x0000253c                OS_Get
 .text          0x00002552        0x0 OS/src/OS_Lcfg.o
 .text          0x00002552        0x0 c:/program files (x86)/atmel/atmel studio 6.0/extensions/atmel/avrgcc/3.4.0.65/avrtoolchain/bin/../lib/gcc/avr/4.6.2/../../../../avr/lib/avr5\libm.a(addsf3.o)
 .text          0x00002552        0x0 c:/program files (x86)/atmel/atmel studio 6.0/extensions/atmel/avrgcc/3.4.0.65/avrtoolchain/bin/../lib/gcc/avr/4.6.2/../../../../avr/lib/avr5\libm.a(addsf3x.o)
 .text          0x00002552        0x0 c:/program files (x86)/atmel/atmel studio 6.0/extensions/atmel/avrgcc/3.4.0.65/avrtoolchain/bin/../lib/gcc/avr/4.6.2/../../../../avr/lib/avr5\libm.a(cmpsf2.o)
 .text          0x00002552        0x0 c:/program files (x86)/atmel/atmel studio 6.0/extensions/atmel/avrgcc/3.4.0.65/avrtoolchain/bin/../lib/gcc/avr/4.6.2/../../../../avr/lib/avr5\libm.a(divsf3.o)
 .text          0x00002552        0x0 c:/program files (x86)/atmel/atmel studio 6.0/extensions/atmel/avrgcc/3.4.0.65/avrtoolchain/bin/../lib/gcc/avr/4.6.2/../../../../avr/lib/avr5\libm.a(divsf3x.o)
 .text          0x00002552        0x0 c:/program files (x86)/atmel/atmel studio 6.0/extensions/atmel/avrgcc/3.4.0.65/avrtoolchain/bin/../lib/gcc/avr/4.6.2/../../../../avr/lib/avr5\libm.a(fixunssfsi.o)
 .text          0x00002552        0x0 c:/program files (x86)/atmel/atmel studio 6.0/extensions/atmel/avrgcc/3.4.0.65/avrtoolchain/bin/../lib/gcc/avr/4.6.2/../../../../avr/lib/avr5\libm.a(floatsisf.o)
 .text          0x00002552        0x0 c:/program files (x86)/atmel/atmel studio 6.0/extensions/atmel/avrgcc/3.4.0.65/avrtoolchain/bin/../lib/gcc/avr/4.6.2/../../../../avr/lib/avr5\libm.a(floatundisf.o)
 .text          0x00002552        0x0 c:/program files (x86)/atmel/atmel studio 6.0/extensions/atmel/avrgcc/3.4.0.65/avrtoolchain/bin/../lib/gcc/avr/4.6.2/../../../../avr/lib/avr5\libm.a(fp_cmp.o)
 .text          0x00002552        0x0 c:/program files (x86)/atmel/atmel studio 6.0/extensions/atmel/avrgcc/3.4.0.65/avrtoolchain/bin/../lib/gcc/avr/4.6.2/../../../../avr/lib/avr5\libm.a(fp_inf.o)
 .text          0x00002552        0x0 c:/program files (x86)/atmel/atmel studio 6.0/extensions/atmel/avrgcc/3.4.0.65/avrtoolchain/bin/../lib/gcc/avr/4.6.2/../../../../avr/lib/avr5\libm.a(fp_nan.o)
 .text          0x00002552        0x0 c:/program files (x86)/atmel/atmel studio 6.0/extensions/atmel/avrgcc/3.4.0.65/avrtoolchain/bin/../lib/gcc/avr/4.6.2/../../../../avr/lib/avr5\libm.a(fp_pscA.o)
 .text          0x00002552        0x0 c:/program files (x86)/atmel/atmel studio 6.0/extensions/atmel/avrgcc/3.4.0.65/avrtoolchain/bin/../lib/gcc/avr/4.6.2/../../../../avr/lib/avr5\libm.a(fp_pscB.o)
 .text          0x00002552        0x0 c:/program files (x86)/atmel/atmel studio 6.0/extensions/atmel/avrgcc/3.4.0.65/avrtoolchain/bin/../lib/gcc/avr/4.6.2/../../../../avr/lib/avr5\libm.a(fp_round.o)
 .text          0x00002552        0x0 c:/program files (x86)/atmel/atmel studio 6.0/extensions/atmel/avrgcc/3.4.0.65/avrtoolchain/bin/../lib/gcc/avr/4.6.2/../../../../avr/lib/avr5\libm.a(fp_split3.o)
 .text          0x00002552        0x0 c:/program files (x86)/atmel/atmel studio 6.0/extensions/atmel/avrgcc/3.4.0.65/avrtoolchain/bin/../lib/gcc/avr/4.6.2/../../../../avr/lib/avr5\libm.a(fp_zero.o)
 .text          0x00002552        0x0 c:/program files (x86)/atmel/atmel studio 6.0/extensions/atmel/avrgcc/3.4.0.65/avrtoolchain/bin/../lib/gcc/avr/4.6.2/../../../../avr/lib/avr5\libm.a(gesf2.o)
 .text          0x00002552        0x0 c:/program files (x86)/atmel/atmel studio 6.0/extensions/atmel/avrgcc/3.4.0.65/avrtoolchain/bin/../lib/gcc/avr/4.6.2/../../../../avr/lib/avr5\libm.a(mulsf3.o)
 .text          0x00002552        0x0 c:/program files (x86)/atmel/atmel studio 6.0/extensions/atmel/avrgcc/3.4.0.65/avrtoolchain/bin/../lib/gcc/avr/4.6.2/../../../../avr/lib/avr5\libm.a(mulsf3x.o)
 .text          0x00002552        0x0 c:/program files (x86)/atmel/atmel studio 6.0/extensions/atmel/avrgcc/3.4.0.65/avrtoolchain/bin/../lib/gcc/avr/4.6.2/avr5\libgcc.a(_mulsi3.o)
 .text          0x00002552        0x0 c:/program files (x86)/atmel/atmel studio 6.0/extensions/atmel/avrgcc/3.4.0.65/avrtoolchain/bin/../lib/gcc/avr/4.6.2/avr5\libgcc.a(_udivmodsi4.o)
 .text          0x00002552        0x0 c:/program files (x86)/atmel/atmel studio 6.0/extensions/atmel/avrgcc/3.4.0.65/avrtoolchain/bin/../lib/gcc/avr/4.6.2/avr5\libgcc.a(_exit.o)
 .text          0x00002552        0x0 c:/program files (x86)/atmel/atmel studio 6.0/extensions/atmel/avrgcc/3.4.0.65/avrtoolchain/bin/../lib/gcc/avr/4.6.2/avr5\libgcc.a(_copy_data.o)
 .text          0x00002552        0x0 c:/program files (x86)/atmel/atmel studio 6.0/extensions/atmel/avrgcc/3.4.0.65/avrtoolchain/bin/../lib/gcc/avr/4.6.2/avr5\libgcc.a(_clear_bss.o)
                0x00002552                . = ALIGN (0x2)
 *(.text.*)
 .text.avr-libc.fplib
                0x00002552        0xa c:/program files (x86)/atmel/atmel studio 6.0/extensions/atmel/avrgcc/3.4.0.65/avrtoolchain/bin/../lib/gcc/avr/4.6.2/../../../../avr/lib/avr5\libm.a(addsf3.o)
                0x00002552                __subsf3
                0x00002554                __addsf3
 .text.avr-libc.fplib
                0x0000255c       0xc0 c:/program files (x86)/atmel/atmel studio 6.0/extensions/atmel/avrgcc/3.4.0.65/avrtoolchain/bin/../lib/gcc/avr/4.6.2/../../../../avr/lib/avr5\libm.a(addsf3x.o)
                0x00002576                __addsf3x
 .text.avr-libc.fplib
                0x0000261c        0x8 c:/program files (x86)/atmel/atmel studio 6.0/extensions/atmel/avrgcc/3.4.0.65/avrtoolchain/bin/../lib/gcc/avr/4.6.2/../../../../avr/lib/avr5\libm.a(cmpsf2.o)
                0x0000261c                __nesf2
                0x0000261c                __eqsf2
                0x0000261c                __cmpsf2
                0x0000261c                __ltsf2
                0x0000261c                __lesf2
 .text.avr-libc.fplib
                0x00002624        0x4 c:/program files (x86)/atmel/atmel studio 6.0/extensions/atmel/avrgcc/3.4.0.65/avrtoolchain/bin/../lib/gcc/avr/4.6.2/../../../../avr/lib/avr5\libm.a(divsf3.o)
                0x00002624                __divsf3
 .text.avr-libc.fplib
                0x00002628       0xcc c:/program files (x86)/atmel/atmel studio 6.0/extensions/atmel/avrgcc/3.4.0.65/avrtoolchain/bin/../lib/gcc/avr/4.6.2/../../../../avr/lib/avr5\libm.a(divsf3x.o)
                0x0000263e                __divsf3x
                0x00002642                __divsf3_pse
 .text.avr-libc.fplib
                0x000026f4       0x58 c:/program files (x86)/atmel/atmel studio 6.0/extensions/atmel/avrgcc/3.4.0.65/avrtoolchain/bin/../lib/gcc/avr/4.6.2/../../../../avr/lib/avr5\libm.a(fixunssfsi.o)
                0x000026f4                __fixunssfsi
 .text.avr-libc.fplib
                0x0000274c       0x7a c:/program files (x86)/atmel/atmel studio 6.0/extensions/atmel/avrgcc/3.4.0.65/avrtoolchain/bin/../lib/gcc/avr/4.6.2/../../../../avr/lib/avr5\libm.a(floatsisf.o)
                0x0000274c                __floatunsisf
                0x00002750                __floatsisf
 .text.avr-libc.fplib
                0x000027c6       0x7c c:/program files (x86)/atmel/atmel studio 6.0/extensions/atmel/avrgcc/3.4.0.65/avrtoolchain/bin/../lib/gcc/avr/4.6.2/../../../../avr/lib/avr5\libm.a(floatundisf.o)
                0x000027c6                __floatundisf
                0x000027c8                __fp_di2sf
 .text.avr-libc.fplib
                0x00002842       0x48 c:/program files (x86)/atmel/atmel studio 6.0/extensions/atmel/avrgcc/3.4.0.65/avrtoolchain/bin/../lib/gcc/avr/4.6.2/../../../../avr/lib/avr5\libm.a(fp_cmp.o)
                0x00002842                __fp_cmp
 .text.avr-libc.fplib
                0x0000288a        0xc c:/program files (x86)/atmel/atmel studio 6.0/extensions/atmel/avrgcc/3.4.0.65/avrtoolchain/bin/../lib/gcc/avr/4.6.2/../../../../avr/lib/avr5\libm.a(fp_inf.o)
                0x0000288a                __fp_inf
 .text.avr-libc.fplib
                0x00002896        0x6 c:/program files (x86)/atmel/atmel studio 6.0/extensions/atmel/avrgcc/3.4.0.65/avrtoolchain/bin/../lib/gcc/avr/4.6.2/../../../../avr/lib/avr5\libm.a(fp_nan.o)
                0x00002896                __fp_nan
 .text.avr-libc.fplib
                0x0000289c        0xe c:/program files (x86)/atmel/atmel studio 6.0/extensions/atmel/avrgcc/3.4.0.65/avrtoolchain/bin/../lib/gcc/avr/4.6.2/../../../../avr/lib/avr5\libm.a(fp_pscA.o)
                0x0000289c                __fp_pscA
 .text.avr-libc.fplib
                0x000028aa        0xe c:/program files (x86)/atmel/atmel studio 6.0/extensions/atmel/avrgcc/3.4.0.65/avrtoolchain/bin/../lib/gcc/avr/4.6.2/../../../../avr/lib/avr5\libm.a(fp_pscB.o)
                0x000028aa                __fp_pscB
 .text.avr-libc.fplib
                0x000028b8       0x22 c:/program files (x86)/atmel/atmel studio 6.0/extensions/atmel/avrgcc/3.4.0.65/avrtoolchain/bin/../lib/gcc/avr/4.6.2/../../../../avr/lib/avr5\libm.a(fp_round.o)
                0x000028b8                __fp_round
 .text.avr-libc.fplib
                0x000028da       0x44 c:/program files (x86)/atmel/atmel studio 6.0/extensions/atmel/avrgcc/3.4.0.65/avrtoolchain/bin/../lib/gcc/avr/4.6.2/../../../../avr/lib/avr5\libm.a(fp_split3.o)
                0x000028da                __fp_split3
                0x000028ea                __fp_splitA
 .text.avr-libc.fplib
                0x0000291e        0xe c:/program files (x86)/atmel/atmel studio 6.0/extensions/atmel/avrgcc/3.4.0.65/avrtoolchain/bin/../lib/gcc/avr/4.6.2/../../../../avr/lib/avr5\libm.a(fp_zero.o)
                0x0000291e                __fp_zero
                0x00002920                __fp_szero
 .text.avr-libc.fplib
                0x0000292c        0x8 c:/program files (x86)/atmel/atmel studio 6.0/extensions/atmel/avrgcc/3.4.0.65/avrtoolchain/bin/../lib/gcc/avr/4.6.2/../../../../avr/lib/avr5\libm.a(gesf2.o)
                0x0000292c                __gesf2
                0x0000292c                __gtsf2
 .text.avr-libc.fplib
                0x00002934        0x4 c:/program files (x86)/atmel/atmel studio 6.0/extensions/atmel/avrgcc/3.4.0.65/avrtoolchain/bin/../lib/gcc/avr/4.6.2/../../../../avr/lib/avr5\libm.a(mulsf3.o)
                0x00002934                __mulsf3
 .text.avr-libc.fplib
                0x00002938       0xc2 c:/program files (x86)/atmel/atmel studio 6.0/extensions/atmel/avrgcc/3.4.0.65/avrtoolchain/bin/../lib/gcc/avr/4.6.2/../../../../avr/lib/avr5\libm.a(mulsf3x.o)
                0x0000294c                __mulsf3x
                0x00002950                __mulsf3_pse
 .text.libgcc   0x000029fa       0x3e c:/program files (x86)/atmel/atmel studio 6.0/extensions/atmel/avrgcc/3.4.0.65/avrtoolchain/bin/../lib/gcc/avr/4.6.2/avr5\libgcc.a(_mulsi3.o)
                0x000029fa                __mulsi3
 .text.libgcc   0x00002a38       0x44 c:/program files (x86)/atmel/atmel studio 6.0/extensions/atmel/avrgcc/3.4.0.65/avrtoolchain/bin/../lib/gcc/avr/4.6.2/avr5\libgcc.a(_udivmodsi4.o)
                0x00002a38                __udivmodsi4
 .text.libgcc   0x00002a7c        0x0 c:/program files (x86)/atmel/atmel studio 6.0/extensions/atmel/avrgcc/3.4.0.65/avrtoolchain/bin/../lib/gcc/avr/4.6.2/avr5\libgcc.a(_exit.o)
 .text.libgcc   0x00002a7c        0x0 c:/program files (x86)/atmel/atmel studio 6.0/extensions/atmel/avrgcc/3.4.0.65/avrtoolchain/bin/../lib/gcc/avr/4.6.2/avr5\libgcc.a(_copy_data.o)
 .text.libgcc   0x00002a7c        0x0 c:/program files (x86)/atmel/atmel studio 6.0/extensions/atmel/avrgcc/3.4.0.65/avrtoolchain/bin/../lib/gcc/avr/4.6.2/avr5\libgcc.a(_clear_bss.o)
                0x00002a7c                . = ALIGN (0x2)
 *(.fini9)
 .fini9         0x00002a7c        0x0 c:/program files (x86)/atmel/atmel studio 6.0/extensions/atmel/avrgcc/3.4.0.65/avrtoolchain/bin/../lib/gcc/avr/4.6.2/avr5\libgcc.a(_exit.o)
                0x00002a7c                _exit
                0x00002a7c                exit
 *(.fini9)
 *(.fini8)
 *(.fini8)
 *(.fini7)
 *(.fini7)
 *(.fini6)
 *(.fini6)
 *(.fini5)
 *(.fini5)
 *(.fini4)
 *(.fini4)
 *(.fini3)
 *(.fini3)
 *(.fini2)
 *(.fini2)
 *(.fini1)
 *(.fini1)
 *(.fini0)
 .fini0         0x00002a7c        0x4 c:/program files (x86)/atmel/atmel studio 6.0/extensions/atmel/avrgcc/3.4.0.65/avrtoolchain/bin/../lib/gcc/avr/4.6.2/avr5\libgcc.a(_exit.o)
 *(.fini0)
                0x00002a80                _etext = .

.data           0x00800060       0x42 load address 0x00002a80
                0x00800060                PROVIDE (__data_start, .)
 *(.data)
 .data          0x00800060        0x0 c:/program files (x86)/atmel/atmel studio 6.0/extensions/atmel/avrgcc/3.4.0.65/avrtoolchain/bin/../lib/gcc/avr/4.6.2/../../../../avr/lib/avr5/crtm32.o
 .data          0x00800060        0x0 APP/CRASH/src/CRASH.o
 .data          0x00800060        0x8 APP/CRASH/src/CRASH_Lcfg.o
                0x00800060                gd64_LowerDistanceLimit
                0x00800064                gd64_UpperDistanceLimit
 .data          0x00800068        0x0 APP/SENSING/scr/SENSING.o
 .data          0x00800068        0x0 APP/SENSING/scr/SENSING_Interface.o
 .data          0x00800068        0x0 APP/STEERING/src/STEERING.o
 .data          0x00800068        0x0 APP/STEERING/src/STEERING_Interface.o
 .data          0x00800068        0x3 HAL/LCD/src/LCD.o
 .data          0x0080006b        0x8 HAL/LCD/src/LCD_Lcfg.o
                0x0080006b                gastr_LCD_Config
 .data          0x00800073        0x0 HAL/MOTOR/src/MOTOR.o
 .data          0x00800073        0x8 HAL/MOTOR/src/MOTOR_Lcfg.o
                0x00800073                gastr_Motor_Config
 .data          0x0080007b        0x0 HAL/USONIC/src/USONIC.o
 .data          0x0080007b        0x6 HAL/USONIC/src/USONIC_Lcfg.o
                0x0080007b                gu32_USONIC_SystemFreq
                0x0080007f                gastr_USONIC_Config
 .data          0x00800081        0x0 LIB/UTILS.o
 .data          0x00800081        0x0 main.o
 .data          0x00800081        0x0 MCAL/DIO/src/DIO.o
 .data          0x00800081        0x0 MCAL/GLOBAL_Interrupt/src/GLOBAL_Interrupt.o
 .data          0x00800081        0x0 MCAL/ICU/src/ICU.o
 .data          0x00800081        0x4 MCAL/ICU/src/ICU_Lcfg.o
                0x00800081                gastr_ICUConfig
 .data          0x00800085        0x0 MCAL/PWM/src/PWM.o
 .data          0x00800085        0xc MCAL/PWM/src/PWM_Lcfg.o
                0x00800085                gastr_PWMConfig
 .data          0x00800091        0x0 MCAL/TIMER/src/TIMER.o
 .data          0x00800091        0x9 MCAL/TIMER/src/TIMER_Lcfg.o
                0x00800091                gastr_Timer_Config
 .data          0x0080009a        0x0 OS/src/OS.o
 .data          0x0080009a        0x0 OS/src/OS_Interface.o
 .data          0x0080009a        0x8 OS/src/OS_Lcfg.o
                0x0080009a                gstr_OS_SchedulerCfg
 .data          0x008000a2        0x0 c:/program files (x86)/atmel/atmel studio 6.0/extensions/atmel/avrgcc/3.4.0.65/avrtoolchain/bin/../lib/gcc/avr/4.6.2/../../../../avr/lib/avr5\libm.a(addsf3.o)
 .data          0x008000a2        0x0 c:/program files (x86)/atmel/atmel studio 6.0/extensions/atmel/avrgcc/3.4.0.65/avrtoolchain/bin/../lib/gcc/avr/4.6.2/../../../../avr/lib/avr5\libm.a(addsf3x.o)
 .data          0x008000a2        0x0 c:/program files (x86)/atmel/atmel studio 6.0/extensions/atmel/avrgcc/3.4.0.65/avrtoolchain/bin/../lib/gcc/avr/4.6.2/../../../../avr/lib/avr5\libm.a(cmpsf2.o)
 .data          0x008000a2        0x0 c:/program files (x86)/atmel/atmel studio 6.0/extensions/atmel/avrgcc/3.4.0.65/avrtoolchain/bin/../lib/gcc/avr/4.6.2/../../../../avr/lib/avr5\libm.a(divsf3.o)
 .data          0x008000a2        0x0 c:/program files (x86)/atmel/atmel studio 6.0/extensions/atmel/avrgcc/3.4.0.65/avrtoolchain/bin/../lib/gcc/avr/4.6.2/../../../../avr/lib/avr5\libm.a(divsf3x.o)
 .data          0x008000a2        0x0 c:/program files (x86)/atmel/atmel studio 6.0/extensions/atmel/avrgcc/3.4.0.65/avrtoolchain/bin/../lib/gcc/avr/4.6.2/../../../../avr/lib/avr5\libm.a(fixunssfsi.o)
 .data          0x008000a2        0x0 c:/program files (x86)/atmel/atmel studio 6.0/extensions/atmel/avrgcc/3.4.0.65/avrtoolchain/bin/../lib/gcc/avr/4.6.2/../../../../avr/lib/avr5\libm.a(floatsisf.o)
 .data          0x008000a2        0x0 c:/program files (x86)/atmel/atmel studio 6.0/extensions/atmel/avrgcc/3.4.0.65/avrtoolchain/bin/../lib/gcc/avr/4.6.2/../../../../avr/lib/avr5\libm.a(floatundisf.o)
 .data          0x008000a2        0x0 c:/program files (x86)/atmel/atmel studio 6.0/extensions/atmel/avrgcc/3.4.0.65/avrtoolchain/bin/../lib/gcc/avr/4.6.2/../../../../avr/lib/avr5\libm.a(fp_cmp.o)
 .data          0x008000a2        0x0 c:/program files (x86)/atmel/atmel studio 6.0/extensions/atmel/avrgcc/3.4.0.65/avrtoolchain/bin/../lib/gcc/avr/4.6.2/../../../../avr/lib/avr5\libm.a(fp_inf.o)
 .data          0x008000a2        0x0 c:/program files (x86)/atmel/atmel studio 6.0/extensions/atmel/avrgcc/3.4.0.65/avrtoolchain/bin/../lib/gcc/avr/4.6.2/../../../../avr/lib/avr5\libm.a(fp_nan.o)
 .data          0x008000a2        0x0 c:/program files (x86)/atmel/atmel studio 6.0/extensions/atmel/avrgcc/3.4.0.65/avrtoolchain/bin/../lib/gcc/avr/4.6.2/../../../../avr/lib/avr5\libm.a(fp_pscA.o)
 .data          0x008000a2        0x0 c:/program files (x86)/atmel/atmel studio 6.0/extensions/atmel/avrgcc/3.4.0.65/avrtoolchain/bin/../lib/gcc/avr/4.6.2/../../../../avr/lib/avr5\libm.a(fp_pscB.o)
 .data          0x008000a2        0x0 c:/program files (x86)/atmel/atmel studio 6.0/extensions/atmel/avrgcc/3.4.0.65/avrtoolchain/bin/../lib/gcc/avr/4.6.2/../../../../avr/lib/avr5\libm.a(fp_round.o)
 .data          0x008000a2        0x0 c:/program files (x86)/atmel/atmel studio 6.0/extensions/atmel/avrgcc/3.4.0.65/avrtoolchain/bin/../lib/gcc/avr/4.6.2/../../../../avr/lib/avr5\libm.a(fp_split3.o)
 .data          0x008000a2        0x0 c:/program files (x86)/atmel/atmel studio 6.0/extensions/atmel/avrgcc/3.4.0.65/avrtoolchain/bin/../lib/gcc/avr/4.6.2/../../../../avr/lib/avr5\libm.a(fp_zero.o)
 .data          0x008000a2        0x0 c:/program files (x86)/atmel/atmel studio 6.0/extensions/atmel/avrgcc/3.4.0.65/avrtoolchain/bin/../lib/gcc/avr/4.6.2/../../../../avr/lib/avr5\libm.a(gesf2.o)
 .data          0x008000a2        0x0 c:/program files (x86)/atmel/atmel studio 6.0/extensions/atmel/avrgcc/3.4.0.65/avrtoolchain/bin/../lib/gcc/avr/4.6.2/../../../../avr/lib/avr5\libm.a(mulsf3.o)
 .data          0x008000a2        0x0 c:/program files (x86)/atmel/atmel studio 6.0/extensions/atmel/avrgcc/3.4.0.65/avrtoolchain/bin/../lib/gcc/avr/4.6.2/../../../../avr/lib/avr5\libm.a(mulsf3x.o)
 .data          0x008000a2        0x0 c:/program files (x86)/atmel/atmel studio 6.0/extensions/atmel/avrgcc/3.4.0.65/avrtoolchain/bin/../lib/gcc/avr/4.6.2/avr5\libgcc.a(_mulsi3.o)
 .data          0x008000a2        0x0 c:/program files (x86)/atmel/atmel studio 6.0/extensions/atmel/avrgcc/3.4.0.65/avrtoolchain/bin/../lib/gcc/avr/4.6.2/avr5\libgcc.a(_udivmodsi4.o)
 .data          0x008000a2        0x0 c:/program files (x86)/atmel/atmel studio 6.0/extensions/atmel/avrgcc/3.4.0.65/avrtoolchain/bin/../lib/gcc/avr/4.6.2/avr5\libgcc.a(_exit.o)
 .data          0x008000a2        0x0 c:/program files (x86)/atmel/atmel studio 6.0/extensions/atmel/avrgcc/3.4.0.65/avrtoolchain/bin/../lib/gcc/avr/4.6.2/avr5\libgcc.a(_copy_data.o)
 .data          0x008000a2        0x0 c:/program files (x86)/atmel/atmel studio 6.0/extensions/atmel/avrgcc/3.4.0.65/avrtoolchain/bin/../lib/gcc/avr/4.6.2/avr5\libgcc.a(_clear_bss.o)
 *(.data*)
 *(.rodata)
 *(.rodata*)
 *(.gnu.linkonce.d*)
                0x008000a2                . = ALIGN (0x2)
                0x008000a2                _edata = .
                0x008000a2                PROVIDE (__data_end, .)

.bss            0x008000a2       0x71
                0x008000a2                PROVIDE (__bss_start, .)
 *(.bss)
 .bss           0x008000a2        0x0 c:/program files (x86)/atmel/atmel studio 6.0/extensions/atmel/avrgcc/3.4.0.65/avrtoolchain/bin/../lib/gcc/avr/4.6.2/../../../../avr/lib/avr5/crtm32.o
 .bss           0x008000a2        0x9 APP/CRASH/src/CRASH.o
 .bss           0x008000ab        0x0 APP/CRASH/src/CRASH_Lcfg.o
 .bss           0x008000ab        0x1 APP/SENSING/scr/SENSING.o
 .bss           0x008000ac        0x4 APP/SENSING/scr/SENSING_Interface.o
 .bss           0x008000b0        0x4 APP/STEERING/src/STEERING.o
 .bss           0x008000b4        0x3 APP/STEERING/src/STEERING_Interface.o
 .bss           0x008000b7        0x1 HAL/LCD/src/LCD.o
 .bss           0x008000b8        0x0 HAL/LCD/src/LCD_Lcfg.o
 .bss           0x008000b8        0x2 HAL/MOTOR/src/MOTOR.o
 .bss           0x008000ba        0x0 HAL/MOTOR/src/MOTOR_Lcfg.o
 .bss           0x008000ba       0x13 HAL/USONIC/src/USONIC.o
                0x008000ba                TimeOnValue
                0x008000be                gu16_OverflowCounter
 .bss           0x008000cd        0x0 HAL/USONIC/src/USONIC_Lcfg.o
 .bss           0x008000cd        0x0 LIB/UTILS.o
 .bss           0x008000cd        0x0 main.o
 .bss           0x008000cd        0x0 MCAL/DIO/src/DIO.o
 .bss           0x008000cd        0x0 MCAL/GLOBAL_Interrupt/src/GLOBAL_Interrupt.o
 .bss           0x008000cd        0x8 MCAL/ICU/src/ICU.o
 .bss           0x008000d5        0x0 MCAL/ICU/src/ICU_Lcfg.o
 .bss           0x008000d5        0x0 MCAL/PWM/src/PWM.o
 .bss           0x008000d5        0x0 MCAL/PWM/src/PWM_Lcfg.o
 .bss           0x008000d5        0x9 MCAL/TIMER/src/TIMER.o
 .bss           0x008000de        0x0 MCAL/TIMER/src/TIMER_Lcfg.o
 .bss           0x008000de        0xa OS/src/OS.o
                0x008000de                gpstr_Task
 .bss           0x008000e8       0x25 OS/src/OS_Interface.o
                0x008000e8                gu8_OS_ReadyTasksCounter
 .bss           0x0080010d        0x0 OS/src/OS_Lcfg.o
 .bss           0x0080010d        0x0 c:/program files (x86)/atmel/atmel studio 6.0/extensions/atmel/avrgcc/3.4.0.65/avrtoolchain/bin/../lib/gcc/avr/4.6.2/../../../../avr/lib/avr5\libm.a(addsf3.o)
 .bss           0x0080010d        0x0 c:/program files (x86)/atmel/atmel studio 6.0/extensions/atmel/avrgcc/3.4.0.65/avrtoolchain/bin/../lib/gcc/avr/4.6.2/../../../../avr/lib/avr5\libm.a(addsf3x.o)
 .bss           0x0080010d        0x0 c:/program files (x86)/atmel/atmel studio 6.0/extensions/atmel/avrgcc/3.4.0.65/avrtoolchain/bin/../lib/gcc/avr/4.6.2/../../../../avr/lib/avr5\libm.a(cmpsf2.o)
 .bss           0x0080010d        0x0 c:/program files (x86)/atmel/atmel studio 6.0/extensions/atmel/avrgcc/3.4.0.65/avrtoolchain/bin/../lib/gcc/avr/4.6.2/../../../../avr/lib/avr5\libm.a(divsf3.o)
 .bss           0x0080010d        0x0 c:/program files (x86)/atmel/atmel studio 6.0/extensions/atmel/avrgcc/3.4.0.65/avrtoolchain/bin/../lib/gcc/avr/4.6.2/../../../../avr/lib/avr5\libm.a(divsf3x.o)
 .bss           0x0080010d        0x0 c:/program files (x86)/atmel/atmel studio 6.0/extensions/atmel/avrgcc/3.4.0.65/avrtoolchain/bin/../lib/gcc/avr/4.6.2/../../../../avr/lib/avr5\libm.a(fixunssfsi.o)
 .bss           0x0080010d        0x0 c:/program files (x86)/atmel/atmel studio 6.0/extensions/atmel/avrgcc/3.4.0.65/avrtoolchain/bin/../lib/gcc/avr/4.6.2/../../../../avr/lib/avr5\libm.a(floatsisf.o)
 .bss           0x0080010d        0x0 c:/program files (x86)/atmel/atmel studio 6.0/extensions/atmel/avrgcc/3.4.0.65/avrtoolchain/bin/../lib/gcc/avr/4.6.2/../../../../avr/lib/avr5\libm.a(floatundisf.o)
 .bss           0x0080010d        0x0 c:/program files (x86)/atmel/atmel studio 6.0/extensions/atmel/avrgcc/3.4.0.65/avrtoolchain/bin/../lib/gcc/avr/4.6.2/../../../../avr/lib/avr5\libm.a(fp_cmp.o)
 .bss           0x0080010d        0x0 c:/program files (x86)/atmel/atmel studio 6.0/extensions/atmel/avrgcc/3.4.0.65/avrtoolchain/bin/../lib/gcc/avr/4.6.2/../../../../avr/lib/avr5\libm.a(fp_inf.o)
 .bss           0x0080010d        0x0 c:/program files (x86)/atmel/atmel studio 6.0/extensions/atmel/avrgcc/3.4.0.65/avrtoolchain/bin/../lib/gcc/avr/4.6.2/../../../../avr/lib/avr5\libm.a(fp_nan.o)
 .bss           0x0080010d        0x0 c:/program files (x86)/atmel/atmel studio 6.0/extensions/atmel/avrgcc/3.4.0.65/avrtoolchain/bin/../lib/gcc/avr/4.6.2/../../../../avr/lib/avr5\libm.a(fp_pscA.o)
 .bss           0x0080010d        0x0 c:/program files (x86)/atmel/atmel studio 6.0/extensions/atmel/avrgcc/3.4.0.65/avrtoolchain/bin/../lib/gcc/avr/4.6.2/../../../../avr/lib/avr5\libm.a(fp_pscB.o)
 .bss           0x0080010d        0x0 c:/program files (x86)/atmel/atmel studio 6.0/extensions/atmel/avrgcc/3.4.0.65/avrtoolchain/bin/../lib/gcc/avr/4.6.2/../../../../avr/lib/avr5\libm.a(fp_round.o)
 .bss           0x0080010d        0x0 c:/program files (x86)/atmel/atmel studio 6.0/extensions/atmel/avrgcc/3.4.0.65/avrtoolchain/bin/../lib/gcc/avr/4.6.2/../../../../avr/lib/avr5\libm.a(fp_split3.o)
 .bss           0x0080010d        0x0 c:/program files (x86)/atmel/atmel studio 6.0/extensions/atmel/avrgcc/3.4.0.65/avrtoolchain/bin/../lib/gcc/avr/4.6.2/../../../../avr/lib/avr5\libm.a(fp_zero.o)
 .bss           0x0080010d        0x0 c:/program files (x86)/atmel/atmel studio 6.0/extensions/atmel/avrgcc/3.4.0.65/avrtoolchain/bin/../lib/gcc/avr/4.6.2/../../../../avr/lib/avr5\libm.a(gesf2.o)
 .bss           0x0080010d        0x0 c:/program files (x86)/atmel/atmel studio 6.0/extensions/atmel/avrgcc/3.4.0.65/avrtoolchain/bin/../lib/gcc/avr/4.6.2/../../../../avr/lib/avr5\libm.a(mulsf3.o)
 .bss           0x0080010d        0x0 c:/program files (x86)/atmel/atmel studio 6.0/extensions/atmel/avrgcc/3.4.0.65/avrtoolchain/bin/../lib/gcc/avr/4.6.2/../../../../avr/lib/avr5\libm.a(mulsf3x.o)
 .bss           0x0080010d        0x0 c:/program files (x86)/atmel/atmel studio 6.0/extensions/atmel/avrgcc/3.4.0.65/avrtoolchain/bin/../lib/gcc/avr/4.6.2/avr5\libgcc.a(_mulsi3.o)
 .bss           0x0080010d        0x0 c:/program files (x86)/atmel/atmel studio 6.0/extensions/atmel/avrgcc/3.4.0.65/avrtoolchain/bin/../lib/gcc/avr/4.6.2/avr5\libgcc.a(_udivmodsi4.o)
 .bss           0x0080010d        0x0 c:/program files (x86)/atmel/atmel studio 6.0/extensions/atmel/avrgcc/3.4.0.65/avrtoolchain/bin/../lib/gcc/avr/4.6.2/avr5\libgcc.a(_exit.o)
 .bss           0x0080010d        0x0 c:/program files (x86)/atmel/atmel studio 6.0/extensions/atmel/avrgcc/3.4.0.65/avrtoolchain/bin/../lib/gcc/avr/4.6.2/avr5\libgcc.a(_copy_data.o)
 .bss           0x0080010d        0x0 c:/program files (x86)/atmel/atmel studio 6.0/extensions/atmel/avrgcc/3.4.0.65/avrtoolchain/bin/../lib/gcc/avr/4.6.2/avr5\libgcc.a(_clear_bss.o)
 *(.bss*)
 *(COMMON)
 COMMON         0x0080010d        0x6 main.o
                0x0080010d                SensingTaskHandler
                0x0080010f                SteeringTaskHandler
                0x00800111                CrashingTaskHandler
                0x00800113                PROVIDE (__bss_end, .)
                0x00002a80                __data_load_start = LOADADDR (.data)
                0x00002ac2                __data_load_end = (__data_load_start + SIZEOF (.data))

.noinit         0x00800113        0x0
                0x00800113                PROVIDE (__noinit_start, .)
 *(.noinit*)
                0x00800113                PROVIDE (__noinit_end, .)
                0x00800113                _end = .
                0x00800113                PROVIDE (__heap_start, .)

.eeprom         0x00810000        0x0
 *(.eeprom*)
                0x00810000                __eeprom_end = .

.fuse
 *(.fuse)
 *(.lfuse)
 *(.hfuse)
 *(.efuse)

.lock
 *(.lock*)

.signature
 *(.signature*)

.stab           0x00000000     0x2700
 *(.stab)
 .stab          0x00000000      0x6cc c:/program files (x86)/atmel/atmel studio 6.0/extensions/atmel/avrgcc/3.4.0.65/avrtoolchain/bin/../lib/gcc/avr/4.6.2/../../../../avr/lib/avr5/crtm32.o
 .stab          0x000006cc       0x78 c:/program files (x86)/atmel/atmel studio 6.0/extensions/atmel/avrgcc/3.4.0.65/avrtoolchain/bin/../lib/gcc/avr/4.6.2/../../../../avr/lib/avr5\libm.a(addsf3.o)
                                 0x84 (size before relaxing)
 .stab          0x00000744      0x4bc c:/program files (x86)/atmel/atmel studio 6.0/extensions/atmel/avrgcc/3.4.0.65/avrtoolchain/bin/../lib/gcc/avr/4.6.2/../../../../avr/lib/avr5\libm.a(addsf3x.o)
                                0x4c8 (size before relaxing)
 .stab          0x00000c00       0x90 c:/program files (x86)/atmel/atmel studio 6.0/extensions/atmel/avrgcc/3.4.0.65/avrtoolchain/bin/../lib/gcc/avr/4.6.2/../../../../avr/lib/avr5\libm.a(cmpsf2.o)
                                 0x9c (size before relaxing)
 .stab          0x00000c90       0x48 c:/program files (x86)/atmel/atmel studio 6.0/extensions/atmel/avrgcc/3.4.0.65/avrtoolchain/bin/../lib/gcc/avr/4.6.2/../../../../avr/lib/avr5\libm.a(divsf3.o)
                                 0x54 (size before relaxing)
 .stab          0x00000cd8      0x510 c:/program files (x86)/atmel/atmel studio 6.0/extensions/atmel/avrgcc/3.4.0.65/avrtoolchain/bin/../lib/gcc/avr/4.6.2/../../../../avr/lib/avr5\libm.a(divsf3x.o)
                                0x51c (size before relaxing)
 .stab          0x000011e8      0x240 c:/program files (x86)/atmel/atmel studio 6.0/extensions/atmel/avrgcc/3.4.0.65/avrtoolchain/bin/../lib/gcc/avr/4.6.2/../../../../avr/lib/avr5\libm.a(fixunssfsi.o)
                                0x24c (size before relaxing)
 .stab          0x00001428      0x318 c:/program files (x86)/atmel/atmel studio 6.0/extensions/atmel/avrgcc/3.4.0.65/avrtoolchain/bin/../lib/gcc/avr/4.6.2/../../../../avr/lib/avr5\libm.a(floatsisf.o)
                                0x324 (size before relaxing)
 .stab          0x00001740      0x324 c:/program files (x86)/atmel/atmel studio 6.0/extensions/atmel/avrgcc/3.4.0.65/avrtoolchain/bin/../lib/gcc/avr/4.6.2/../../../../avr/lib/avr5\libm.a(floatundisf.o)
                                0x330 (size before relaxing)
 .stab          0x00001a64      0x1e0 c:/program files (x86)/atmel/atmel studio 6.0/extensions/atmel/avrgcc/3.4.0.65/avrtoolchain/bin/../lib/gcc/avr/4.6.2/../../../../avr/lib/avr5\libm.a(fp_cmp.o)
                                0x1ec (size before relaxing)
 .stab          0x00001c44       0x78 c:/program files (x86)/atmel/atmel studio 6.0/extensions/atmel/avrgcc/3.4.0.65/avrtoolchain/bin/../lib/gcc/avr/4.6.2/../../../../avr/lib/avr5\libm.a(fp_inf.o)
                                 0x84 (size before relaxing)
 .stab          0x00001cbc       0x54 c:/program files (x86)/atmel/atmel studio 6.0/extensions/atmel/avrgcc/3.4.0.65/avrtoolchain/bin/../lib/gcc/avr/4.6.2/../../../../avr/lib/avr5\libm.a(fp_nan.o)
                                 0x60 (size before relaxing)
 .stab          0x00001d10       0x84 c:/program files (x86)/atmel/atmel studio 6.0/extensions/atmel/avrgcc/3.4.0.65/avrtoolchain/bin/../lib/gcc/avr/4.6.2/../../../../avr/lib/avr5\libm.a(fp_pscA.o)
                                 0x90 (size before relaxing)
 .stab          0x00001d94       0x84 c:/program files (x86)/atmel/atmel studio 6.0/extensions/atmel/avrgcc/3.4.0.65/avrtoolchain/bin/../lib/gcc/avr/4.6.2/../../../../avr/lib/avr5\libm.a(fp_pscB.o)
                                 0x90 (size before relaxing)
 .stab          0x00001e18       0xfc c:/program files (x86)/atmel/atmel studio 6.0/extensions/atmel/avrgcc/3.4.0.65/avrtoolchain/bin/../lib/gcc/avr/4.6.2/../../../../avr/lib/avr5\libm.a(fp_round.o)
                                0x108 (size before relaxing)
 .stab          0x00001f14      0x1d4 c:/program files (x86)/atmel/atmel studio 6.0/extensions/atmel/avrgcc/3.4.0.65/avrtoolchain/bin/../lib/gcc/avr/4.6.2/../../../../avr/lib/avr5\libm.a(fp_split3.o)
                                0x1e0 (size before relaxing)
 .stab          0x000020e8       0x90 c:/program files (x86)/atmel/atmel studio 6.0/extensions/atmel/avrgcc/3.4.0.65/avrtoolchain/bin/../lib/gcc/avr/4.6.2/../../../../avr/lib/avr5\libm.a(fp_zero.o)
                                 0x9c (size before relaxing)
 .stab          0x00002178       0x6c c:/program files (x86)/atmel/atmel studio 6.0/extensions/atmel/avrgcc/3.4.0.65/avrtoolchain/bin/../lib/gcc/avr/4.6.2/../../../../avr/lib/avr5\libm.a(gesf2.o)
                                 0x78 (size before relaxing)
 .stab          0x000021e4       0x48 c:/program files (x86)/atmel/atmel studio 6.0/extensions/atmel/avrgcc/3.4.0.65/avrtoolchain/bin/../lib/gcc/avr/4.6.2/../../../../avr/lib/avr5\libm.a(mulsf3.o)
                                 0x54 (size before relaxing)
 .stab          0x0000222c      0x4d4 c:/program files (x86)/atmel/atmel studio 6.0/extensions/atmel/avrgcc/3.4.0.65/avrtoolchain/bin/../lib/gcc/avr/4.6.2/../../../../avr/lib/avr5\libm.a(mulsf3x.o)
                                0x4e0 (size before relaxing)

.stabstr        0x00000000      0x7ce
 *(.stabstr)
 .stabstr       0x00000000      0x7ce c:/program files (x86)/atmel/atmel studio 6.0/extensions/atmel/avrgcc/3.4.0.65/avrtoolchain/bin/../lib/gcc/avr/4.6.2/../../../../avr/lib/avr5/crtm32.o

.stab.excl
 *(.stab.excl)

.stab.exclstr
 *(.stab.exclstr)

.stab.index
 *(.stab.index)

.stab.indexstr
 *(.stab.indexstr)

.comment
 *(.comment)

.debug
 *(.debug)

.line
 *(.line)

.debug_srcinfo
 *(.debug_srcinfo)

.debug_sfnames
 *(.debug_sfnames)

.debug_aranges  0x00000000      0x2c0
 *(.debug_aranges)
 .debug_aranges
                0x00000000       0x20 APP/CRASH/src/CRASH.o
 .debug_aranges
                0x00000020       0x20 APP/SENSING/scr/SENSING.o
 .debug_aranges
                0x00000040       0x20 APP/SENSING/scr/SENSING_Interface.o
 .debug_aranges
                0x00000060       0x20 APP/STEERING/src/STEERING.o
 .debug_aranges
                0x00000080       0x20 APP/STEERING/src/STEERING_Interface.o
 .debug_aranges
                0x000000a0       0x20 HAL/LCD/src/LCD.o
 .debug_aranges
                0x000000c0       0x20 HAL/MOTOR/src/MOTOR.o
 .debug_aranges
                0x000000e0       0x20 HAL/USONIC/src/USONIC.o
 .debug_aranges
                0x00000100       0x20 LIB/UTILS.o
 .debug_aranges
                0x00000120       0x20 main.o
 .debug_aranges
                0x00000140       0x20 MCAL/DIO/src/DIO.o
 .debug_aranges
                0x00000160       0x20 MCAL/GLOBAL_Interrupt/src/GLOBAL_Interrupt.o
 .debug_aranges
                0x00000180       0x20 MCAL/ICU/src/ICU.o
 .debug_aranges
                0x000001a0       0x20 MCAL/PWM/src/PWM.o
 .debug_aranges
                0x000001c0       0x20 MCAL/TIMER/src/TIMER.o
 .debug_aranges
                0x000001e0       0x20 OS/src/OS.o
 .debug_aranges
                0x00000200       0x20 OS/src/OS_Interface.o
 .debug_aranges
                0x00000220       0x20 c:/program files (x86)/atmel/atmel studio 6.0/extensions/atmel/avrgcc/3.4.0.65/avrtoolchain/bin/../lib/gcc/avr/4.6.2/avr5\libgcc.a(_mulsi3.o)
 .debug_aranges
                0x00000240       0x20 c:/program files (x86)/atmel/atmel studio 6.0/extensions/atmel/avrgcc/3.4.0.65/avrtoolchain/bin/../lib/gcc/avr/4.6.2/avr5\libgcc.a(_udivmodsi4.o)
 .debug_aranges
                0x00000260       0x20 c:/program files (x86)/atmel/atmel studio 6.0/extensions/atmel/avrgcc/3.4.0.65/avrtoolchain/bin/../lib/gcc/avr/4.6.2/avr5\libgcc.a(_exit.o)
 .debug_aranges
                0x00000280       0x20 c:/program files (x86)/atmel/atmel studio 6.0/extensions/atmel/avrgcc/3.4.0.65/avrtoolchain/bin/../lib/gcc/avr/4.6.2/avr5\libgcc.a(_copy_data.o)
 .debug_aranges
                0x000002a0       0x20 c:/program files (x86)/atmel/atmel studio 6.0/extensions/atmel/avrgcc/3.4.0.65/avrtoolchain/bin/../lib/gcc/avr/4.6.2/avr5\libgcc.a(_clear_bss.o)

.debug_pubnames
 *(.debug_pubnames)

.debug_info     0x00000000     0x3aa9
 *(.debug_info)
 .debug_info    0x00000000      0x1b3 APP/CRASH/src/CRASH.o
 .debug_info    0x000001b3       0xa0 APP/CRASH/src/CRASH_Lcfg.o
 .debug_info    0x00000253      0x111 APP/SENSING/scr/SENSING.o
 .debug_info    0x00000364      0x12d APP/SENSING/scr/SENSING_Interface.o
 .debug_info    0x00000491      0x11a APP/STEERING/src/STEERING.o
 .debug_info    0x000005ab      0x190 APP/STEERING/src/STEERING_Interface.o
 .debug_info    0x0000073b      0x36a HAL/LCD/src/LCD.o
 .debug_info    0x00000aa5      0x18f HAL/LCD/src/LCD_Lcfg.o
 .debug_info    0x00000c34      0x253 HAL/MOTOR/src/MOTOR.o
 .debug_info    0x00000e87      0x157 HAL/MOTOR/src/MOTOR_Lcfg.o
 .debug_info    0x00000fde      0x393 HAL/USONIC/src/USONIC.o
 .debug_info    0x00001371      0x15d HAL/USONIC/src/USONIC_Lcfg.o
 .debug_info    0x000014ce      0x369 LIB/UTILS.o
 .debug_info    0x00001837      0x1d5 main.o
 .debug_info    0x00001a0c      0x2c6 MCAL/DIO/src/DIO.o
 .debug_info    0x00001cd2       0xb2 MCAL/GLOBAL_Interrupt/src/GLOBAL_Interrupt.o
 .debug_info    0x00001d84      0x5aa MCAL/ICU/src/ICU.o
 .debug_info    0x0000232e      0x15f MCAL/ICU/src/ICU_Lcfg.o
 .debug_info    0x0000248d      0x34e MCAL/PWM/src/PWM.o
 .debug_info    0x000027db      0x181 MCAL/PWM/src/PWM_Lcfg.o
 .debug_info    0x0000295c      0x491 MCAL/TIMER/src/TIMER.o
 .debug_info    0x00002ded       0xe7 MCAL/TIMER/src/TIMER_Lcfg.o
 .debug_info    0x00002ed4      0x2df OS/src/OS.o
 .debug_info    0x000031b3      0x3b8 OS/src/OS_Interface.o
 .debug_info    0x0000356b       0xed OS/src/OS_Lcfg.o
 .debug_info    0x00003658       0xdd c:/program files (x86)/atmel/atmel studio 6.0/extensions/atmel/avrgcc/3.4.0.65/avrtoolchain/bin/../lib/gcc/avr/4.6.2/avr5\libgcc.a(_mulsi3.o)
 .debug_info    0x00003735       0xdd c:/program files (x86)/atmel/atmel studio 6.0/extensions/atmel/avrgcc/3.4.0.65/avrtoolchain/bin/../lib/gcc/avr/4.6.2/avr5\libgcc.a(_udivmodsi4.o)
 .debug_info    0x00003812       0xdd c:/program files (x86)/atmel/atmel studio 6.0/extensions/atmel/avrgcc/3.4.0.65/avrtoolchain/bin/../lib/gcc/avr/4.6.2/avr5\libgcc.a(_exit.o)
 .debug_info    0x000038ef       0xdd c:/program files (x86)/atmel/atmel studio 6.0/extensions/atmel/avrgcc/3.4.0.65/avrtoolchain/bin/../lib/gcc/avr/4.6.2/avr5\libgcc.a(_copy_data.o)
 .debug_info    0x000039cc       0xdd c:/program files (x86)/atmel/atmel studio 6.0/extensions/atmel/avrgcc/3.4.0.65/avrtoolchain/bin/../lib/gcc/avr/4.6.2/avr5\libgcc.a(_clear_bss.o)
 *(.gnu.linkonce.wi.*)

.debug_abbrev   0x00000000     0x1403
 *(.debug_abbrev)
 .debug_abbrev  0x00000000       0xc1 APP/CRASH/src/CRASH.o
 .debug_abbrev  0x000000c1       0x44 APP/CRASH/src/CRASH_Lcfg.o
 .debug_abbrev  0x00000105       0xa0 APP/SENSING/scr/SENSING.o
 .debug_abbrev  0x000001a5       0x99 APP/SENSING/scr/SENSING_Interface.o
 .debug_abbrev  0x0000023e       0x93 APP/STEERING/src/STEERING.o
 .debug_abbrev  0x000002d1       0xa8 APP/STEERING/src/STEERING_Interface.o
 .debug_abbrev  0x00000379      0x167 HAL/LCD/src/LCD.o
 .debug_abbrev  0x000004e0       0x8c HAL/LCD/src/LCD_Lcfg.o
 .debug_abbrev  0x0000056c      0x102 HAL/MOTOR/src/MOTOR.o
 .debug_abbrev  0x0000066e       0x8c HAL/MOTOR/src/MOTOR_Lcfg.o
 .debug_abbrev  0x000006fa      0x123 HAL/USONIC/src/USONIC.o
 .debug_abbrev  0x0000081d       0x8c HAL/USONIC/src/USONIC_Lcfg.o
 .debug_abbrev  0x000008a9       0xf0 LIB/UTILS.o
 .debug_abbrev  0x00000999       0xb3 main.o
 .debug_abbrev  0x00000a4c       0xaa MCAL/DIO/src/DIO.o
 .debug_abbrev  0x00000af6       0x4a MCAL/GLOBAL_Interrupt/src/GLOBAL_Interrupt.o
 .debug_abbrev  0x00000b40      0x1bc MCAL/ICU/src/ICU.o
 .debug_abbrev  0x00000cfc       0x85 MCAL/ICU/src/ICU_Lcfg.o
 .debug_abbrev  0x00000d81       0xc5 MCAL/PWM/src/PWM.o
 .debug_abbrev  0x00000e46       0x85 MCAL/PWM/src/PWM_Lcfg.o
 .debug_abbrev  0x00000ecb      0x163 MCAL/TIMER/src/TIMER.o
 .debug_abbrev  0x0000102e       0x74 MCAL/TIMER/src/TIMER_Lcfg.o
 .debug_abbrev  0x000010a2      0x15b OS/src/OS.o
 .debug_abbrev  0x000011fd      0x135 OS/src/OS_Interface.o
 .debug_abbrev  0x00001332       0x6d OS/src/OS_Lcfg.o
 .debug_abbrev  0x0000139f       0x14 c:/program files (x86)/atmel/atmel studio 6.0/extensions/atmel/avrgcc/3.4.0.65/avrtoolchain/bin/../lib/gcc/avr/4.6.2/avr5\libgcc.a(_mulsi3.o)
 .debug_abbrev  0x000013b3       0x14 c:/program files (x86)/atmel/atmel studio 6.0/extensions/atmel/avrgcc/3.4.0.65/avrtoolchain/bin/../lib/gcc/avr/4.6.2/avr5\libgcc.a(_udivmodsi4.o)
 .debug_abbrev  0x000013c7       0x14 c:/program files (x86)/atmel/atmel studio 6.0/extensions/atmel/avrgcc/3.4.0.65/avrtoolchain/bin/../lib/gcc/avr/4.6.2/avr5\libgcc.a(_exit.o)
 .debug_abbrev  0x000013db       0x14 c:/program files (x86)/atmel/atmel studio 6.0/extensions/atmel/avrgcc/3.4.0.65/avrtoolchain/bin/../lib/gcc/avr/4.6.2/avr5\libgcc.a(_copy_data.o)
 .debug_abbrev  0x000013ef       0x14 c:/program files (x86)/atmel/atmel studio 6.0/extensions/atmel/avrgcc/3.4.0.65/avrtoolchain/bin/../lib/gcc/avr/4.6.2/avr5\libgcc.a(_clear_bss.o)

.debug_line     0x00000000     0x1804
 *(.debug_line)
 .debug_line    0x00000000       0x74 APP/CRASH/src/CRASH.o
 .debug_line    0x00000074       0x51 APP/CRASH/src/CRASH_Lcfg.o
 .debug_line    0x000000c5       0x6c APP/SENSING/scr/SENSING.o
 .debug_line    0x00000131       0x71 APP/SENSING/scr/SENSING_Interface.o
 .debug_line    0x000001a2       0x79 APP/STEERING/src/STEERING.o
 .debug_line    0x0000021b       0xb5 APP/STEERING/src/STEERING_Interface.o
 .debug_line    0x000002d0      0x203 HAL/LCD/src/LCD.o
 .debug_line    0x000004d3       0xcb HAL/LCD/src/LCD_Lcfg.o
 .debug_line    0x0000059e      0x14e HAL/MOTOR/src/MOTOR.o
 .debug_line    0x000006ec       0xd3 HAL/MOTOR/src/MOTOR_Lcfg.o
 .debug_line    0x000007bf      0x149 HAL/USONIC/src/USONIC.o
 .debug_line    0x00000908       0xd7 HAL/USONIC/src/USONIC_Lcfg.o
 .debug_line    0x000009df      0x101 LIB/UTILS.o
 .debug_line    0x00000ae0       0x7e main.o
 .debug_line    0x00000b5e      0x134 MCAL/DIO/src/DIO.o
 .debug_line    0x00000c92       0x77 MCAL/GLOBAL_Interrupt/src/GLOBAL_Interrupt.o
 .debug_line    0x00000d09      0x186 MCAL/ICU/src/ICU.o
 .debug_line    0x00000e8f       0x6c MCAL/ICU/src/ICU_Lcfg.o
 .debug_line    0x00000efb      0x127 MCAL/PWM/src/PWM.o
 .debug_line    0x00001022       0x6c MCAL/PWM/src/PWM_Lcfg.o
 .debug_line    0x0000108e      0x1ff MCAL/TIMER/src/TIMER.o
 .debug_line    0x0000128d       0x74 MCAL/TIMER/src/TIMER_Lcfg.o
 .debug_line    0x00001301       0xd0 OS/src/OS.o
 .debug_line    0x000013d1       0xe1 OS/src/OS_Interface.o
 .debug_line    0x000014b2       0x5e OS/src/OS_Lcfg.o
 .debug_line    0x00001510       0xa5 c:/program files (x86)/atmel/atmel studio 6.0/extensions/atmel/avrgcc/3.4.0.65/avrtoolchain/bin/../lib/gcc/avr/4.6.2/avr5\libgcc.a(_mulsi3.o)
 .debug_line    0x000015b5       0xa8 c:/program files (x86)/atmel/atmel studio 6.0/extensions/atmel/avrgcc/3.4.0.65/avrtoolchain/bin/../lib/gcc/avr/4.6.2/avr5\libgcc.a(_udivmodsi4.o)
 .debug_line    0x0000165d       0x88 c:/program files (x86)/atmel/atmel studio 6.0/extensions/atmel/avrgcc/3.4.0.65/avrtoolchain/bin/../lib/gcc/avr/4.6.2/avr5\libgcc.a(_exit.o)
 .debug_line    0x000016e5       0x91 c:/program files (x86)/atmel/atmel studio 6.0/extensions/atmel/avrgcc/3.4.0.65/avrtoolchain/bin/../lib/gcc/avr/4.6.2/avr5\libgcc.a(_copy_data.o)
 .debug_line    0x00001776       0x8e c:/program files (x86)/atmel/atmel studio 6.0/extensions/atmel/avrgcc/3.4.0.65/avrtoolchain/bin/../lib/gcc/avr/4.6.2/avr5\libgcc.a(_clear_bss.o)

.debug_frame    0x00000000      0x948
 *(.debug_frame)
 .debug_frame   0x00000000       0x38 APP/CRASH/src/CRASH.o
 .debug_frame   0x00000038       0x34 APP/SENSING/scr/SENSING.o
 .debug_frame   0x0000006c       0x34 APP/SENSING/scr/SENSING_Interface.o
 .debug_frame   0x000000a0       0x24 APP/STEERING/src/STEERING.o
 .debug_frame   0x000000c4       0x34 APP/STEERING/src/STEERING_Interface.o
 .debug_frame   0x000000f8       0xc4 HAL/LCD/src/LCD.o
 .debug_frame   0x000001bc       0x68 HAL/MOTOR/src/MOTOR.o
 .debug_frame   0x00000224       0x94 HAL/USONIC/src/USONIC.o
 .debug_frame   0x000002b8      0x13c LIB/UTILS.o
 .debug_frame   0x000003f4       0x54 main.o
 .debug_frame   0x00000448       0x64 MCAL/DIO/src/DIO.o
 .debug_frame   0x000004ac       0x34 MCAL/GLOBAL_Interrupt/src/GLOBAL_Interrupt.o
 .debug_frame   0x000004e0      0x188 MCAL/ICU/src/ICU.o
 .debug_frame   0x00000668       0x74 MCAL/PWM/src/PWM.o
 .debug_frame   0x000006dc      0x12c MCAL/TIMER/src/TIMER.o
 .debug_frame   0x00000808       0x94 OS/src/OS.o
 .debug_frame   0x0000089c       0xac OS/src/OS_Interface.o

.debug_str      0x00000000     0x1450
 *(.debug_str)
 .debug_str     0x00000000      0x1ef APP/CRASH/src/CRASH.o
                                0x232 (size before relaxing)
 .debug_str     0x000001ef       0x1e APP/CRASH/src/CRASH_Lcfg.o
                                0x13a (size before relaxing)
 .debug_str     0x0000020d       0x5c APP/SENSING/scr/SENSING.o
                                0x177 (size before relaxing)
 .debug_str     0x00000269       0x5c APP/SENSING/scr/SENSING_Interface.o
                                0x175 (size before relaxing)
 .debug_str     0x000002c5       0x67 APP/STEERING/src/STEERING.o
                                0x173 (size before relaxing)
 .debug_str     0x0000032c       0xbc APP/STEERING/src/STEERING_Interface.o
                                0x1c2 (size before relaxing)
 .debug_str     0x000003e8      0x173 HAL/LCD/src/LCD.o
                                0x28b (size before relaxing)
 .debug_str     0x0000055b       0x7f HAL/LCD/src/LCD_Lcfg.o
                                0x1e9 (size before relaxing)
 .debug_str     0x000005da      0x130 HAL/MOTOR/src/MOTOR.o
                                0x284 (size before relaxing)
 .debug_str     0x0000070a       0x1e HAL/MOTOR/src/MOTOR_Lcfg.o
                                0x1e1 (size before relaxing)
 .debug_str     0x00000728      0x1a1 HAL/USONIC/src/USONIC.o
                                0x396 (size before relaxing)
 .debug_str     0x000008c9       0x20 HAL/USONIC/src/USONIC_Lcfg.o
                                0x1c3 (size before relaxing)
 .debug_str     0x000008e9      0x10f LIB/UTILS.o
                                0x22c (size before relaxing)
 .debug_str     0x000009f8      0x11e main.o
                                0x21d (size before relaxing)
 .debug_str     0x00000b16       0x73 MCAL/DIO/src/DIO.o
                                0x252 (size before relaxing)
 .debug_str     0x00000b89       0x61 MCAL/GLOBAL_Interrupt/src/GLOBAL_Interrupt.o
                                0x156 (size before relaxing)
 .debug_str     0x00000bea      0x145 MCAL/ICU/src/ICU.o
                                0x428 (size before relaxing)
 .debug_str     0x00000d2f       0xed MCAL/ICU/src/ICU_Lcfg.o
                                0x23c (size before relaxing)
 .debug_str     0x00000e1c      0x10b MCAL/PWM/src/PWM.o
                                0x31f (size before relaxing)
 .debug_str     0x00000f27       0xe0 MCAL/PWM/src/PWM_Lcfg.o
                                0x280 (size before relaxing)
 .debug_str     0x00001007      0x1f6 MCAL/TIMER/src/TIMER.o
                                0x33e (size before relaxing)
 .debug_str     0x000011fd       0x1f MCAL/TIMER/src/TIMER_Lcfg.o
                                0x161 (size before relaxing)
 .debug_str     0x0000121c      0x16b OS/src/OS.o
                                0x33e (size before relaxing)
 .debug_str     0x00001387       0xb5 OS/src/OS_Interface.o
                                0x3a3 (size before relaxing)
 .debug_str     0x0000143c       0x14 OS/src/OS_Lcfg.o
                                0x192 (size before relaxing)

.debug_loc      0x00000000     0x2431
 *(.debug_loc)
 .debug_loc     0x00000000       0x49 APP/CRASH/src/CRASH.o
 .debug_loc     0x00000049       0x86 APP/SENSING/scr/SENSING.o
 .debug_loc     0x000000cf       0x57 APP/SENSING/scr/SENSING_Interface.o
 .debug_loc     0x00000126       0x1f APP/STEERING/src/STEERING.o
 .debug_loc     0x00000145       0xbe APP/STEERING/src/STEERING_Interface.o
 .debug_loc     0x00000203      0x542 HAL/LCD/src/LCD.o
 .debug_loc     0x00000745      0x15d HAL/MOTOR/src/MOTOR.o
 .debug_loc     0x000008a2       0xee HAL/USONIC/src/USONIC.o
 .debug_loc     0x00000990      0x6c7 LIB/UTILS.o
 .debug_loc     0x00001057      0x369 MCAL/DIO/src/DIO.o
 .debug_loc     0x000013c0      0x54f MCAL/ICU/src/ICU.o
 .debug_loc     0x0000190f      0x197 MCAL/PWM/src/PWM.o
 .debug_loc     0x00001aa6      0x582 MCAL/TIMER/src/TIMER.o
 .debug_loc     0x00002028      0x12c OS/src/OS.o
 .debug_loc     0x00002154      0x2dd OS/src/OS_Interface.o

.debug_macinfo
 *(.debug_macinfo)
OUTPUT(Obstacle_Avoidance_Car_OS.elf elf32-avr)
LOAD linker stubs

.debug_ranges   0x00000000       0x48
 .debug_ranges  0x00000000       0x30 MCAL/TIMER/src/TIMER.o
 .debug_ranges  0x00000030       0x18 OS/src/OS.o
